<area shape="rect" href="$_falcon_core_8h.html" title="local/libnifalcon&#45;1.0.1/include/falcon/core/FalconCore.h" alt="" coords="713,84,1089,111">
<area shape="rect" href="$_falcon_device_8h.html" title="local/libnifalcon&#45;1.0.1/include/falcon/core/FalconDevice.h" alt="" coords="921,316,1313,343">
<area shape="rect" href="$_falcon_c_l_i_base_8h.html" title="local/libnifalcon&#45;1.0.1/include/falcon/util/FalconCLIBase.h" alt="" coords="2351,393,2743,420">
<area shape="rect" href="$_falcon_firmware_8h.html" title="local/libnifalcon&#45;1.0.1/include/falcon/core/FalconFirmware.h" alt="" coords="2205,239,2613,265">
<area shape="rect" href="$_falcon_firmware_novint_s_d_k_8h.html" title="local/libnifalcon&#45;1.0.1/include/falcon/firmware/FalconFirmwareNovintSDK.h" alt="" coords="2688,316,3195,343">
<area shape="rect" href="$_falcon_comm_8h.html" title="local/libnifalcon&#45;1.0.1/include/falcon/core/FalconComm.h" alt="" coords="1288,161,1677,188">
<area shape="rect" href="$_falcon_grip_8h.html" title="local/libnifalcon&#45;1.0.1/include/falcon/core/FalconGrip.h" alt="" coords="716,161,1087,188">
<area shape="rect" href="$_falcon_kinematic_8h.html" title="local/libnifalcon&#45;1.0.1/include/falcon/core/FalconKinematic.h" alt="" coords="149,161,563,188">
<area shape="rect" href="$_falcon_comm_f_t_d2_x_x_8h.html" title="local/libnifalcon&#45;1.0.1/include/falcon/comm/FalconCommFTD2XX.h" alt="" coords="1256,239,1709,265">
<area shape="rect" href="$_falcon_comm_lib_u_s_b_8h.html" title="local/libnifalcon&#45;1.0.1/include/falcon/comm/FalconCommLibUSB.h" alt="" coords="1733,239,2181,265">
<area shape="rect" href="$_falcon_comm_f_t_d2_x_x_8cpp.html" title="local/libnifalcon&#45;1.0.1/src/comm/FalconCommFTD2XX.cpp" alt="" coords="1337,316,1737,343">
<area shape="rect" href="$_falcon_comm_lib_u_s_b_8cpp.html" title="local/libnifalcon&#45;1.0.1/src/comm/FalconCommLibUSB.cpp" alt="" coords="1761,316,2153,343">
<area shape="rect" href="$_falcon_device_boost_thread_8h.html" title="local/libnifalcon&#45;1.0.1/include/falcon/util/FalconDeviceBoostThread.h" alt="" coords="669,393,1139,420">
<area shape="rect" href="$_falcon_device_8cpp.html" title="local/libnifalcon&#45;1.0.1/src/core/FalconDevice.cpp" alt="" coords="1163,393,1501,420">
<area shape="rect" href="$_falcon_c_l_i_base_8cpp.html" title="local/libnifalcon&#45;1.0.1/src/util/FalconCLIBase.cpp" alt="" coords="2495,471,2831,497">
<area shape="rect" href="$_falcon_device_boost_thread_8cpp.html" title="local/libnifalcon&#45;1.0.1/src/util/FalconDeviceBoostThread.cpp" alt="" coords="696,471,1112,497">
<area shape="rect" href="$_falcon_firmware_8cpp.html" title="local/libnifalcon&#45;1.0.1/src/core/FalconFirmware.cpp" alt="" coords="2233,316,2585,343">
<area shape="rect" href="$_falcon_firmware_novint_s_d_k_8cpp.html" title="local/libnifalcon&#45;1.0.1/src/firmware/FalconFirmwareNovintSDK.cpp" alt="" coords="2817,393,3271,420">
<area shape="rect" href="$_falcon_grip_four_button_8h.html" title="local/libnifalcon&#45;1.0.1/include/falcon/grip/FalconGripFourButton.h" alt="" coords="637,239,1080,265">
<area shape="rect" href="$_falcon_kinematic_stamper_8h.html" title="local/libnifalcon&#45;1.0.1/include/falcon/kinematic/FalconKinematicStamper.h" alt="" coords="5,239,512,265">
<area shape="rect" href="$_falcon_kinematic_stamper_8cpp.html" title="local/libnifalcon&#45;1.0.1/src/kinematic/FalconKinematicStamper.cpp" alt="" coords="33,316,484,343">
