<area shape="rect" href="$_falcon_kinematic_8h.html" title="local/libnifalcon&#45;1.0.1/include/falcon/core/FalconKinematic.h" alt="" coords="872,84,1285,111">
<area shape="rect" href="$_falcon_device_8h.html" title="local/libnifalcon&#45;1.0.1/include/falcon/core/FalconDevice.h" alt="" coords="553,161,945,188">
<area shape="rect" href="$_falcon_kinematic_stamper_8h.html" title="local/libnifalcon&#45;1.0.1/include/falcon/kinematic/FalconKinematicStamper.h" alt="" coords="1156,161,1663,188">
<area shape="rect" href="$_falcon_c_l_i_base_8h.html" title="local/libnifalcon&#45;1.0.1/include/falcon/util/FalconCLIBase.h" alt="" coords="5,239,397,265">
<area shape="rect" href="$_falcon_device_boost_thread_8h.html" title="local/libnifalcon&#45;1.0.1/include/falcon/util/FalconDeviceBoostThread.h" alt="" coords="421,239,891,265">
<area shape="rect" href="$_falcon_device_8cpp.html" title="local/libnifalcon&#45;1.0.1/src/core/FalconDevice.cpp" alt="" coords="915,239,1253,265">
<area shape="rect" href="$_falcon_c_l_i_base_8cpp.html" title="local/libnifalcon&#45;1.0.1/src/util/FalconCLIBase.cpp" alt="" coords="33,316,369,343">
<area shape="rect" href="$_falcon_device_boost_thread_8cpp.html" title="local/libnifalcon&#45;1.0.1/src/util/FalconDeviceBoostThread.cpp" alt="" coords="448,316,864,343">
<area shape="rect" href="$_falcon_kinematic_stamper_8cpp.html" title="local/libnifalcon&#45;1.0.1/src/kinematic/FalconKinematicStamper.cpp" alt="" coords="1277,239,1728,265">
