<area shape="rect" href="$_falcon_comm_f_t_d2_x_x_8h.html" title="local/libnifalcon&#45;1.0.1/include/falcon/comm/FalconCommFTD2XX.h" alt="" coords="28,84,481,111">
<area shape="rect" href="$_falcon_comm_lib_u_s_b_8h.html" title="local/libnifalcon&#45;1.0.1/include/falcon/comm/FalconCommLibUSB.h" alt="" coords="531,84,979,111">
<area shape="rect" href="$_falcon_device_8h.html" title="local/libnifalcon&#45;1.0.1/include/falcon/core/FalconDevice.h" alt="" coords="845,161,1237,188">
<area shape="rect" href="$_falcon_firmware_8h.html" title="local/libnifalcon&#45;1.0.1/include/falcon/core/FalconFirmware.h" alt="" coords="1149,84,1557,111">
<area shape="rect" href="$_falcon_comm_f_t_d2_x_x_8cpp.html" title="local/libnifalcon&#45;1.0.1/src/comm/FalconCommFTD2XX.cpp" alt="" coords="5,161,405,188">
<area shape="rect" href="$_falcon_comm_lib_u_s_b_8cpp.html" title="local/libnifalcon&#45;1.0.1/src/comm/FalconCommLibUSB.cpp" alt="" coords="429,161,821,188">
<area shape="rect" href="$_falcon_c_l_i_base_8h.html" title="local/libnifalcon&#45;1.0.1/include/falcon/util/FalconCLIBase.h" alt="" coords="1273,239,1665,265">
<area shape="rect" href="$_falcon_device_boost_thread_8h.html" title="local/libnifalcon&#45;1.0.1/include/falcon/util/FalconDeviceBoostThread.h" alt="" coords="780,239,1249,265">
<area shape="rect" href="$_falcon_device_8cpp.html" title="local/libnifalcon&#45;1.0.1/src/core/FalconDevice.cpp" alt="" coords="417,239,756,265">
<area shape="rect" href="$_falcon_c_l_i_base_8cpp.html" title="local/libnifalcon&#45;1.0.1/src/util/FalconCLIBase.cpp" alt="" coords="1656,316,1992,343">
<area shape="rect" href="$_falcon_device_boost_thread_8cpp.html" title="local/libnifalcon&#45;1.0.1/src/util/FalconDeviceBoostThread.cpp" alt="" coords="807,316,1223,343">
<area shape="rect" href="$_falcon_firmware_novint_s_d_k_8h.html" title="local/libnifalcon&#45;1.0.1/include/falcon/firmware/FalconFirmwareNovintSDK.h" alt="" coords="1663,161,2169,188">
<area shape="rect" href="$_falcon_firmware_8cpp.html" title="local/libnifalcon&#45;1.0.1/src/core/FalconFirmware.cpp" alt="" coords="1261,161,1613,188">
<area shape="rect" href="$_falcon_firmware_novint_s_d_k_8cpp.html" title="local/libnifalcon&#45;1.0.1/src/firmware/FalconFirmwareNovintSDK.cpp" alt="" coords="1689,239,2143,265">
