<area shape="rect" href="$_falcon_comm_8h.html" title="local/libnifalcon&#45;1.0.1/include/falcon/core/FalconComm.h" alt="" coords="993,84,1383,111">
<area shape="rect" href="$_falcon_device_8h.html" title="local/libnifalcon&#45;1.0.1/include/falcon/core/FalconDevice.h" alt="" coords="1777,239,2169,265">
<area shape="rect" href="$_falcon_grip_8h.html" title="local/libnifalcon&#45;1.0.1/include/falcon/core/FalconGrip.h" alt="" coords="1525,84,1896,111">
<area shape="rect" href="$_falcon_kinematic_8h.html" title="local/libnifalcon&#45;1.0.1/include/falcon/core/FalconKinematic.h" alt="" coords="1920,84,2333,111">
<area shape="rect" href="$_falcon_comm_f_t_d2_x_x_8h.html" title="local/libnifalcon&#45;1.0.1/include/falcon/comm/FalconCommFTD2XX.h" alt="" coords="5,161,459,188">
<area shape="rect" href="$_falcon_comm_lib_u_s_b_8h.html" title="local/libnifalcon&#45;1.0.1/include/falcon/comm/FalconCommLibUSB.h" alt="" coords="485,161,933,188">
<area shape="rect" href="$_falcon_firmware_8h.html" title="local/libnifalcon&#45;1.0.1/include/falcon/core/FalconFirmware.h" alt="" coords="984,161,1392,188">
<area shape="rect" href="$_falcon_comm_f_t_d2_x_x_8cpp.html" title="local/libnifalcon&#45;1.0.1/src/comm/FalconCommFTD2XX.cpp" alt="" coords="31,239,431,265">
<area shape="rect" href="$_falcon_comm_lib_u_s_b_8cpp.html" title="local/libnifalcon&#45;1.0.1/src/comm/FalconCommLibUSB.cpp" alt="" coords="455,239,847,265">
<area shape="rect" href="$_falcon_c_l_i_base_8h.html" title="local/libnifalcon&#45;1.0.1/include/falcon/util/FalconCLIBase.h" alt="" coords="1751,316,2143,343">
<area shape="rect" href="$_falcon_device_boost_thread_8h.html" title="local/libnifalcon&#45;1.0.1/include/falcon/util/FalconDeviceBoostThread.h" alt="" coords="2167,316,2636,343">
<area shape="rect" href="$_falcon_device_8cpp.html" title="local/libnifalcon&#45;1.0.1/src/core/FalconDevice.cpp" alt="" coords="2660,316,2999,343">
<area shape="rect" href="$_falcon_c_l_i_base_8cpp.html" title="local/libnifalcon&#45;1.0.1/src/util/FalconCLIBase.cpp" alt="" coords="1424,393,1760,420">
<area shape="rect" href="$_falcon_device_boost_thread_8cpp.html" title="local/libnifalcon&#45;1.0.1/src/util/FalconDeviceBoostThread.cpp" alt="" coords="2193,393,2609,420">
<area shape="rect" href="$_falcon_firmware_novint_s_d_k_8h.html" title="local/libnifalcon&#45;1.0.1/include/falcon/firmware/FalconFirmwareNovintSDK.h" alt="" coords="1247,239,1753,265">
<area shape="rect" href="$_falcon_firmware_8cpp.html" title="local/libnifalcon&#45;1.0.1/src/core/FalconFirmware.cpp" alt="" coords="871,239,1223,265">
<area shape="rect" href="$_falcon_firmware_novint_s_d_k_8cpp.html" title="local/libnifalcon&#45;1.0.1/src/firmware/FalconFirmwareNovintSDK.cpp" alt="" coords="1273,316,1727,343">
<area shape="rect" href="$_falcon_grip_four_button_8h.html" title="local/libnifalcon&#45;1.0.1/include/falcon/grip/FalconGripFourButton.h" alt="" coords="1517,161,1960,188">
<area shape="rect" href="$_falcon_kinematic_stamper_8h.html" title="local/libnifalcon&#45;1.0.1/include/falcon/kinematic/FalconKinematicStamper.h" alt="" coords="2141,161,2648,188">
<area shape="rect" href="$_falcon_kinematic_stamper_8cpp.html" title="local/libnifalcon&#45;1.0.1/src/kinematic/FalconKinematicStamper.cpp" alt="" coords="2193,239,2644,265">
