<area shape="rect" href="$_falcon_c_l_i_base_8h.html" title="falcon/util/FalconCLIBase.h" alt="" coords="573,84,773,111">
<area shape="rect" href="$_falcon_firmware_novint_s_d_k_8h.html" title="falcon/firmware/FalconFirmwareNovintSDK.h" alt="" coords="948,161,1263,188">
<area shape="rect" href="$_falcon_firmware_binary_test_8h.html" title="falcon/util/FalconFirmwareBinaryTest.h" alt="" coords="1588,84,1865,111">
<area shape="rect" href="$_falcon_firmware_binary_nvent_8h.html" title="falcon/util/FalconFirmwareBinaryNvent.h" alt="" coords="1273,84,1564,111">
<area shape="rect" href="$_falcon_device_8h.html" title="falcon/core/FalconDevice.h" alt="" coords="573,161,773,188">
<area shape="rect" href="$_falcon_logger_8h.html" title="falcon/core/FalconLogger.h" alt="" coords="476,471,673,497">
<area shape="rect" href="$_falcon_core_8h.html" title="falcon/core/FalconCore.h" alt="" coords="483,393,667,420">
<area shape="rect" href="$_falcon_comm_8h.html" title="falcon/core/FalconComm.h" alt="" coords="808,316,1005,343">
<area shape="rect" href="$_falcon_firmware_8h.html" title="falcon/core/FalconFirmware.h" alt="" coords="888,239,1104,265">
<area shape="rect" href="$_falcon_kinematic_8h.html" title="falcon/core/FalconKinematic.h" alt="" coords="237,239,459,265">
<area shape="rect" href="$_falcon_grip_8h.html" title="falcon/core/FalconGrip.h" alt="" coords="584,239,763,265">
<area shape="rect" href="$_falcon_geometry_8h.html" title="falcon/core/FalconGeometry.h" alt="" coords="93,316,315,343">
