<area shape="rect" href="$_falcon_device_boost_thread_8h.html" title="falcon/util/FalconDeviceBoostThread.h" alt="" coords="823,84,1100,111">
<area shape="rect" href="$_falcon_device_8h.html" title="falcon/core/FalconDevice.h" alt="" coords="765,161,965,188">
<area shape="rect" href="$_falcon_logger_8h.html" title="falcon/core/FalconLogger.h" alt="" coords="713,471,911,497">
<area shape="rect" href="$_falcon_core_8h.html" title="falcon/core/FalconCore.h" alt="" coords="720,393,904,420">
<area shape="rect" href="$_falcon_comm_8h.html" title="falcon/core/FalconComm.h" alt="" coords="192,316,389,343">
<area shape="rect" href="$_falcon_firmware_8h.html" title="falcon/core/FalconFirmware.h" alt="" coords="359,239,575,265">
<area shape="rect" href="$_falcon_kinematic_8h.html" title="falcon/core/FalconKinematic.h" alt="" coords="953,239,1175,265">
<area shape="rect" href="$_falcon_grip_8h.html" title="falcon/core/FalconGrip.h" alt="" coords="649,239,828,265">
<area shape="rect" href="$_falcon_geometry_8h.html" title="falcon/core/FalconGeometry.h" alt="" coords="1072,316,1293,343">
