<area shape="rect" href="$classlibnifalcon_1_1_falcon_core.html" title="libnifalcon::FalconCore" alt="" coords="5,157,176,184">
<area shape="rect" href="$classlibnifalcon_1_1_falcon_comm.html" title="libnifalcon::FalconComm" alt="" coords="237,56,419,83">
<area shape="rect" href="$classlibnifalcon_1_1_falcon_device.html" title="libnifalcon::FalconDevice" alt="" coords="235,107,421,133">
<area shape="rect" href="$classlibnifalcon_1_1_falcon_firmware.html" title="libnifalcon::FalconFirmware" alt="" coords="228,157,428,184">
<area shape="rect" href="$classlibnifalcon_1_1_falcon_grip.html" title="libnifalcon::FalconGrip" alt="" coords="247,208,409,235">
<area shape="rect" href="$classlibnifalcon_1_1_falcon_kinematic.html" title="libnifalcon::FalconKinematic" alt="" coords="225,259,431,285">
<area shape="rect" href="$classlibnifalcon_1_1_falcon_comm_f_t_d2_x_x.html" title="libnifalcon::FalconCommFTD2XX" alt="" coords="499,5,733,32">
<area shape="rect" href="$classlibnifalcon_1_1_falcon_comm_lib_u_s_b.html" title="libnifalcon::FalconCommLibUSB" alt="" coords="503,56,729,83">
<area shape="rect" href="$classlibnifalcon_1_1_falcon_device_boost_thread.html" title="libnifalcon::FalconDeviceBoostThread" alt="" coords="480,107,752,133">
<area shape="rect" href="$classlibnifalcon_1_1_falcon_firmware_novint_s_d_k.html" title="libnifalcon::FalconFirmwareNovintSDK" alt="" coords="480,157,752,184">
<area shape="rect" href="$classlibnifalcon_1_1_falcon_grip_four_button.html" title="libnifalcon::FalconGripFourButton" alt="" coords="496,208,736,235">
<area shape="rect" href="$classlibnifalcon_1_1_falcon_kinematic_stamper.html" title="libnifalcon::FalconKinematicStamper" alt="" coords="484,259,748,285">
